\BOOKMARK [1][-]{section.1}{\376\377\000I\000n\000t\000r\000o\000d\000u\000c\000t\000i\000o\000n}{}% 1
\BOOKMARK [1][-]{section.2}{\376\377\000R\000e\000l\000a\000t\000e\000d\000\040\000W\000o\000r\000k}{}% 2
\BOOKMARK [2][-]{subsection.2.1}{\376\377\000A\000I\000-\000A\000s\000s\000i\000s\000t\000e\000d\000\040\000F\000e\000e\000d\000b\000a\000c\000k\000\040\000i\000n\000\040\000E\000d\000u\000c\000a\000t\000i\000o\000n}{section.2}% 3
\BOOKMARK [2][-]{subsection.2.2}{\376\377\000A\000r\000g\000u\000m\000e\000n\000t\000a\000t\000i\000o\000n\000\040\000T\000h\000e\000o\000r\000y\000\040\000a\000n\000d\000\040\000W\000r\000i\000t\000i\000n\000g\000\040\000A\000s\000s\000e\000s\000s\000m\000e\000n\000t}{section.2}% 4
\BOOKMARK [2][-]{subsection.2.3}{\376\377\000P\000e\000e\000r\000\040\000F\000e\000e\000d\000b\000a\000c\000k\000\040\000a\000n\000d\000\040\000Q\000u\000e\000s\000t\000i\000o\000n\000-\000B\000a\000s\000e\000d\000\040\000S\000c\000a\000f\000f\000o\000l\000d\000i\000n\000g}{section.2}% 5
\BOOKMARK [2][-]{subsection.2.4}{\376\377\000C\000o\000g\000n\000i\000t\000i\000v\000e\000\040\000O\000u\000t\000s\000o\000u\000r\000c\000i\000n\000g\000\040\000a\000n\000d\000\040\000A\000I\000\040\000D\000e\000p\000e\000n\000d\000e\000n\000c\000y}{section.2}% 6
\BOOKMARK [2][-]{subsection.2.5}{\376\377\000D\000i\000s\000t\000i\000n\000c\000t\000i\000o\000n\000\040\000f\000r\000o\000m\000\040\000E\000x\000i\000s\000t\000i\000n\000g\000\040\000S\000y\000s\000t\000e\000m\000s}{section.2}% 7
\BOOKMARK [1][-]{section.3}{\376\377\000S\000y\000s\000t\000e\000m\000\040\000A\000r\000c\000h\000i\000t\000e\000c\000t\000u\000r\000e\000\040\000a\000n\000d\000\040\000M\000e\000t\000h\000o\000d\000o\000l\000o\000g\000y}{}% 8
\BOOKMARK [2][-]{subsection.3.1}{\376\377\000D\000e\000s\000i\000g\000n\000\040\000P\000r\000i\000n\000c\000i\000p\000l\000e\000s}{section.3}% 9
\BOOKMARK [2][-]{subsection.3.2}{\376\377\000H\000i\000g\000h\000-\000L\000e\000v\000e\000l\000\040\000A\000r\000c\000h\000i\000t\000e\000c\000t\000u\000r\000e}{section.3}% 10
\BOOKMARK [2][-]{subsection.3.3}{\376\377\000T\000h\000e\000\040\000C\000h\000a\000l\000l\000e\000n\000g\000e\040\023\000D\000e\000f\000e\000n\000d\040\023\000I\000m\000p\000r\000o\000v\000e\000\040\000L\000o\000o\000p}{section.3}% 11
\BOOKMARK [2][-]{subsection.3.4}{\376\377\000P\000e\000r\000s\000o\000n\000a\000\040\000S\000y\000s\000t\000e\000m}{section.3}% 12
\BOOKMARK [3][-]{subsubsection.3.4.1}{\376\377\000R\000e\000v\000i\000e\000w\000e\000r\000\040\000\043\0002\000:\000\040\000T\000h\000e\000\040\000L\000o\000g\000i\000c\000a\000l\000\040\000A\000s\000s\000a\000s\000s\000i\000n}{subsection.3.4}% 13
\BOOKMARK [3][-]{subsubsection.3.4.2}{\376\377\000C\000o\000n\000f\000u\000s\000e\000d\000\040\000R\000e\000a\000d\000e\000r\000:\000\040\000T\000h\000e\000\040\000F\000r\000u\000s\000t\000r\000a\000t\000e\000d\000\040\000N\000o\000v\000i\000c\000e}{subsection.3.4}% 14
\BOOKMARK [2][-]{subsection.3.5}{\376\377\000L\000L\000M\000\040\000C\000o\000n\000s\000t\000r\000a\000i\000n\000t\000\040\000M\000e\000t\000h\000o\000d\000o\000l\000o\000g\000y}{section.3}% 15
\BOOKMARK [3][-]{subsubsection.3.5.1}{\376\377\000S\000y\000s\000t\000e\000m\000\040\000P\000r\000o\000m\000p\000t\000\040\000E\000n\000g\000i\000n\000e\000e\000r\000i\000n\000g}{subsection.3.5}% 16
\BOOKMARK [3][-]{subsubsection.3.5.2}{\376\377\000I\000n\000t\000e\000r\000n\000a\000l\000\040\000R\000e\000a\000s\000o\000n\000i\000n\000g\000\040\000P\000r\000o\000t\000o\000c\000o\000l}{subsection.3.5}% 17
\BOOKMARK [3][-]{subsubsection.3.5.3}{\376\377\000S\000t\000r\000u\000c\000t\000u\000r\000e\000d\000\040\000J\000S\000O\000N\000\040\000O\000u\000t\000p\000u\000t\000\040\000S\000c\000h\000e\000m\000a}{subsection.3.5}% 18
\BOOKMARK [2][-]{subsection.3.6}{\376\377\000P\000e\000d\000a\000g\000o\000g\000y\000\040\000G\000u\000i\000d\000e\000\040\000I\000n\000t\000e\000g\000r\000a\000t\000i\000o\000n}{section.3}% 19
\BOOKMARK [1][-]{section.4}{\376\377\000I\000m\000p\000l\000e\000m\000e\000n\000t\000a\000t\000i\000o\000n\000\040\000D\000e\000t\000a\000i\000l\000s}{}% 20
\BOOKMARK [2][-]{subsection.4.1}{\376\377\000T\000e\000c\000h\000n\000o\000l\000o\000g\000y\000\040\000S\000t\000a\000c\000k}{section.4}% 21
\BOOKMARK [2][-]{subsection.4.2}{\376\377\000A\000P\000I\000\040\000E\000n\000d\000p\000o\000i\000n\000t\000s}{section.4}% 22
\BOOKMARK [3][-]{subsubsection.4.2.1}{\376\377\000P\000O\000S\000T\000\040\000/\000c\000h\000a\000l\000l\000e\000n\000g\000e}{subsection.4.2}% 23
\BOOKMARK [3][-]{subsubsection.4.2.2}{\376\377\000P\000O\000S\000T\000\040\000/\000u\000n\000l\000o\000c\000k}{subsection.4.2}% 24
\BOOKMARK [2][-]{subsection.4.3}{\376\377\000F\000r\000o\000n\000t\000e\000n\000d\000\040\000A\000r\000c\000h\000i\000t\000e\000c\000t\000u\000r\000e}{section.4}% 25
\BOOKMARK [3][-]{subsubsection.4.3.1}{\376\377\000M\000a\000i\000n\000\040\000A\000p\000p\000l\000i\000c\000a\000t\000i\000o\000n\000\040\000\050\000/\000a\000p\000p\000\051}{subsection.4.3}% 26
\BOOKMARK [3][-]{subsubsection.4.3.2}{\376\377\000D\000e\000m\000o\000\040\000M\000o\000d\000e\000\040\000\050\000/\000d\000e\000m\000o\000\051}{subsection.4.3}% 27
\BOOKMARK [3][-]{subsubsection.4.3.3}{\376\377\000S\000e\000s\000s\000i\000o\000n\000\040\000E\000x\000p\000o\000r\000t}{subsection.4.3}% 28
\BOOKMARK [1][-]{section.5}{\376\377\000P\000r\000e\000l\000i\000m\000i\000n\000a\000r\000y\000\040\000E\000v\000a\000l\000u\000a\000t\000i\000o\000n\000\040\000a\000n\000d\000\040\000P\000r\000o\000o\000f\000\040\000o\000f\000\040\000C\000o\000n\000c\000e\000p\000t}{}% 29
\BOOKMARK [2][-]{subsection.5.1}{\376\377\000H\000a\000c\000k\000a\000t\000h\000o\000n\000\040\000O\000u\000t\000c\000o\000m\000e\000s}{section.5}% 30
\BOOKMARK [2][-]{subsection.5.2}{\376\377\000F\000u\000n\000c\000t\000i\000o\000n\000a\000l\000\040\000V\000a\000l\000i\000d\000a\000t\000i\000o\000n}{section.5}% 31
\BOOKMARK [2][-]{subsection.5.3}{\376\377\000L\000a\000t\000e\000n\000c\000y\000\040\000C\000o\000n\000s\000i\000d\000e\000r\000a\000t\000i\000o\000n\000s}{section.5}% 32
\BOOKMARK [2][-]{subsection.5.4}{\376\377\000T\000a\000r\000g\000e\000t\000\040\000A\000u\000d\000i\000e\000n\000c\000e\000\040\000V\000a\000l\000i\000d\000a\000t\000i\000o\000n}{section.5}% 33
\BOOKMARK [1][-]{section.6}{\376\377\000D\000i\000s\000c\000u\000s\000s\000i\000o\000n\000\040\000a\000n\000d\000\040\000F\000u\000t\000u\000r\000e\000\040\000W\000o\000r\000k}{}% 34
\BOOKMARK [2][-]{subsection.6.1}{\376\377\000L\000i\000m\000i\000t\000a\000t\000i\000o\000n\000s}{section.6}% 35
\BOOKMARK [2][-]{subsection.6.2}{\376\377\000F\000u\000t\000u\000r\000e\000\040\000W\000o\000r\000k}{section.6}% 36
\BOOKMARK [3][-]{subsubsection.6.2.1}{\376\377\000D\000e\000s\000i\000g\000n\000-\000B\000a\000s\000e\000d\000\040\000R\000e\000s\000e\000a\000r\000c\000h}{subsection.6.2}% 37
\BOOKMARK [3][-]{subsubsection.6.2.2}{\376\377\000I\000R\000B\000\040\000A\000p\000p\000r\000o\000v\000a\000l\000\040\000a\000n\000d\000\040\000E\000m\000p\000i\000r\000i\000c\000a\000l\000\040\000E\000v\000a\000l\000u\000a\000t\000i\000o\000n}{subsection.6.2}% 38
\BOOKMARK [3][-]{subsubsection.6.2.3}{\376\377\000A\000r\000c\000h\000i\000t\000e\000c\000t\000u\000r\000a\000l\000\040\000E\000x\000t\000e\000n\000s\000i\000o\000n\000s}{subsection.6.2}% 39
\BOOKMARK [3][-]{subsubsection.6.2.4}{\376\377\000C\000o\000l\000l\000a\000b\000o\000r\000a\000t\000i\000o\000n\000\040\000a\000n\000d\000\040\000S\000c\000a\000l\000i\000n\000g}{subsection.6.2}% 40
\BOOKMARK [1][-]{section.7}{\376\377\000C\000o\000n\000c\000l\000u\000s\000i\000o\000n}{}% 41
\BOOKMARK [1][-]{appendix.A}{\376\377\000P\000e\000d\000a\000g\000o\000g\000y\000\040\000G\000u\000i\000d\000e\000\040\000\050\000A\000b\000r\000i\000d\000g\000e\000d\000\051}{}% 42
\BOOKMARK [1][-]{appendix.B}{\376\377\000S\000a\000m\000p\000l\000e\000\040\000S\000y\000s\000t\000e\000m\000\040\000P\000r\000o\000m\000p\000t\000\040\000\050\000R\000e\000v\000i\000e\000w\000e\000r\000\040\000\043\0002\000\051}{}% 43
